{"username":"Testing Cat","icon_url":"https://pbs.twimg.com/profile_images/543118466/Garfield3_normal.jpg","parse":"none","attachments":[{"title_link":"http://amber/#/testjobs/details/123","title":"Test Report #123","text":"A test was running on http://jillg-develop.hue.worksap.com/. \n2/2 BROKEN. :question:\n","color":"#ffd050"},{"title":"","text":"_Check out our <http://taas.internal.worksap.com/|TaaS Test Automation Platform>! Ask <#C36QE6JLE|team_shanghai_qe>._","mrkdwn_in":["text"],"footer":"TaaS Test Automation Platform, Shanghai QE Team","footer_icon":"http://www.worksap.co.jp/hue/images/contact_logo.png","ts":1493712130.072}]}
